// Jest Snapshot v1, https://goo.gl/fbAQLP

exports[`<Times /> renders correctly 1`] = `
<View
  accessible={true}
  focusable={false}
  onClick={[Function]}
  onResponderGrant={[Function]}
  onResponderMove={[Function]}
  onResponderRelease={[Function]}
  onResponderTerminate={[Function]}
  onResponderTerminationRequest={[Function]}
  onStartShouldSetResponder={[Function]}
  style={
    Object {
      "backgroundColor": "#f8f8f8",
      "borderBottomWidth": 1,
      "borderColor": "#eee",
      "opacity": 1,
      "padding": 15,
    }
  }
>
  <View
    style={
      Object {
        "flexDirection": "column",
      }
    }
  >
    <View
      accessibilityRole="button"
      accessibilityState={Object {}}
      accessible={true}
      focusable={true}
      onClick={[Function]}
      onResponderGrant={[Function]}
      onResponderMove={[Function]}
      onResponderRelease={[Function]}
      onResponderTerminate={[Function]}
      onResponderTerminationRequest={[Function]}
      onStartShouldSetResponder={[Function]}
      style={
        Object {
          "opacity": 1,
        }
      }
    >
      <View
        style={
          Array [
            Object {},
          ]
        }
      >
        <Text
          style={
            Array [
              Object {
                "color": "#007AFF",
                "fontSize": 18,
                "margin": 8,
                "textAlign": "center",
              },
            ]
          }
        >
          X
        </Text>
      </View>
    </View>
    <Text
      style={
        Object {
          "fontSize": 18,
        }
      }
    >
      Name: 
    </Text>
    <Text
      style={
        Object {
          "fontSize": 18,
        }
      }
    >
      Time: 
    </Text>
    <Text
      style={
        Object {
          "fontSize": 18,
        }
      }
    >
      Window: 
    </Text>
  </View>
</View>
`;
